[20:19:08] [Paper Plugin Remapper Thread - 0/INFO]: [ReobfServer] Remapping server...
[20:19:22] [Paper Plugin Remapper Thread - 0/INFO]: [ReobfServer] Done remapping server in 14200ms.
[20:19:22] [Paper Plugin Remapper Thread - 2/INFO]: [PluginRemapper] Remapping plugin 'C:\Users\User\IdeaProjects\cave update\build\libs\cave update-1.0-SNAPSHOT.jar'...
[20:19:22] [Paper Plugin Remapper Thread - 2/INFO]: [PluginRemapper] Done remapping plugin 'C:\Users\User\IdeaProjects\cave update\build\libs\cave update-1.0-SNAPSHOT.jar' in 132ms.
[20:19:23] [ServerMain/ERROR]: [PluginFlagProviderSource] Error loading plugin: Restricted name, cannot use 0x20 (space character) in a plugin name.
org.bukkit.plugin.InvalidDescriptionException: Restricted name, cannot use 0x20 (space character) in a plugin name.
	at io.papermc.paper.plugin.provider.type.spigot.SpigotPluginProviderFactory.build(SpigotPluginProviderFactory.java:45) ~[paper-1.20.6.jar:1.20.6-151-a4f0f5c]
	at io.papermc.paper.plugin.provider.type.spigot.SpigotPluginProviderFactory.build(SpigotPluginProviderFactory.java:28) ~[paper-1.20.6.jar:1.20.6-151-a4f0f5c]
	at io.papermc.paper.plugin.provider.type.PluginFileType.register(PluginFileType.java:72) ~[paper-1.20.6.jar:1.20.6-151-a4f0f5c]
	at io.papermc.paper.plugin.provider.source.FileProviderSource.registerProviders(FileProviderSource.java:85) ~[paper-1.20.6.jar:1.20.6-151-a4f0f5c]
	at io.papermc.paper.plugin.provider.source.PluginFlagProviderSource.registerProviders(PluginFlagProviderSource.java:42) ~[paper-1.20.6.jar:1.20.6-151-a4f0f5c]
	at io.papermc.paper.plugin.provider.source.PluginFlagProviderSource.registerProviders(PluginFlagProviderSource.java:14) ~[paper-1.20.6.jar:1.20.6-151-a4f0f5c]
	at io.papermc.paper.plugin.util.EntrypointUtil.registerProvidersFromSource(EntrypointUtil.java:15) ~[paper-1.20.6.jar:1.20.6-151-a4f0f5c]
	at io.papermc.paper.plugin.PluginInitializerManager.load(PluginInitializerManager.java:114) ~[paper-1.20.6.jar:1.20.6-151-a4f0f5c]
	at net.minecraft.server.Main.main(Main.java:122) ~[paper-1.20.6.jar:1.20.6-151-a4f0f5c]
	at org.bukkit.craftbukkit.Main.main(Main.java:328) ~[paper-1.20.6.jar:1.20.6-151-a4f0f5c]
	at io.papermc.paperclip.Paperclip.lambda$main$0(Paperclip.java:42) ~[app:?]
	at java.base/java.lang.Thread.run(Thread.java:1583) ~[?:?]
[20:19:36] [ServerMain/WARN]: Failed to load eula.txt
[20:19:36] [ServerMain/INFO]: You need to agree to the EULA in order to run the server. Go to eula.txt for more info.
